** Drc report for /mnt/DATA2/pCloud/job/KiCAD/Rover_Commander_v3.1a/Rover_Commander_v3.1a.kicad_pcb **
** Created on 2017-10-20 12:27:08 **

** Found 98 DRC errors **
ErrType(19): Конт.пл. близко к конт.пл.
    @ (126,714 мм,91,230 мм): Конт.пл. 36 на B.Cu, Не медь из U1
    @ (126,714 мм,91,730 мм): Конт.пл. 35 на B.Cu, Не медь из U1
ErrType(19): Конт.пл. близко к конт.пл.
    @ (126,714 мм,91,730 мм): Конт.пл. 35 на B.Cu, Не медь из U1
    @ (126,714 мм,92,230 мм): Конт.пл. 34 на B.Cu, Не медь из U1
ErrType(19): Конт.пл. близко к конт.пл.
    @ (126,714 мм,94,230 мм): Конт.пл. 30 на B.Cu, Не медь из U1
    @ (126,714 мм,94,730 мм): Конт.пл. 29 на B.Cu, Не медь из U1
ErrType(19): Конт.пл. близко к конт.пл.
    @ (126,714 мм,94,730 мм): Конт.пл. 29 на B.Cu, Не медь из U1
    @ (126,714 мм,95,230 мм): Конт.пл. 28 на B.Cu, Не медь из U1
ErrType(19): Конт.пл. близко к конт.пл.
    @ (129,314 мм,89,630 мм): Конт.пл. 39 на B.Cu, Не медь из U1
    @ (129,814 мм,89,630 мм): Конт.пл. 40 на B.Cu, Не медь из U1
ErrType(19): Конт.пл. близко к конт.пл.
    @ (129,814 мм,89,630 мм): Конт.пл. 40 на B.Cu, Не медь из U1
    @ (130,314 мм,89,630 мм): Конт.пл. 41 на B.Cu, Не медь из U1
ErrType(19): Конт.пл. близко к конт.пл.
    @ (130,314 мм,89,630 мм): Конт.пл. 41 на B.Cu, Не медь из U1
    @ (130,814 мм,89,630 мм): Конт.пл. 42 на B.Cu, Не медь из U1
ErrType(19): Конт.пл. близко к конт.пл.
    @ (130,814 мм,89,630 мм): Конт.пл. 42 на B.Cu, Не медь из U1
    @ (131,314 мм,89,630 мм): Конт.пл. 43 на B.Cu, Не медь из U1
ErrType(19): Конт.пл. близко к конт.пл.
    @ (131,314 мм,89,630 мм): Конт.пл. 43 на B.Cu, Не медь из U1
    @ (131,814 мм,89,630 мм): Конт.пл. 44 на B.Cu, Не медь из U1
ErrType(19): Конт.пл. близко к конт.пл.
    @ (131,314 мм,98,330 мм): Конт.пл. 18 на B.Cu, Не медь из U1
    @ (131,814 мм,98,330 мм): Конт.пл. 17 на B.Cu, Не медь из U1
ErrType(19): Конт.пл. близко к конт.пл.
    @ (131,814 мм,98,330 мм): Конт.пл. 17 на B.Cu, Не медь из U1
    @ (132,314 мм,98,330 мм): Конт.пл. 16 на B.Cu, Не медь из U1
ErrType(19): Конт.пл. близко к конт.пл.
    @ (132,314 мм,89,630 мм): Конт.пл. 45 на B.Cu, Не медь из U1
    @ (132,814 мм,89,630 мм): Конт.пл. 46 на B.Cu, Не медь из U1
ErrType(19): Конт.пл. близко к конт.пл.
    @ (132,814 мм,98,330 мм): Конт.пл. 15 на B.Cu, Не медь из U1
    @ (133,314 мм,98,330 мм): Конт.пл. 14 на B.Cu, Не медь из U1
ErrType(19): Конт.пл. близко к конт.пл.
    @ (133,314 мм,89,630 мм): Конт.пл. 47 на B.Cu, Не медь из U1
    @ (133,814 мм,89,630 мм): Конт.пл. 48 на B.Cu, Не медь из U1
ErrType(19): Конт.пл. близко к конт.пл.
    @ (133,314 мм,98,330 мм): Конт.пл. 14 на B.Cu, Не медь из U1
    @ (133,814 мм,98,330 мм): Конт.пл. 13 на B.Cu, Не медь из U1
ErrType(19): Конт.пл. близко к конт.пл.
    @ (135,414 мм,95,730 мм): Конт.пл. 10 на B.Cu, Не медь из U1
    @ (135,414 мм,96,230 мм): Конт.пл. 11 на B.Cu, Не медь из U1
ErrType(19): Конт.пл. близко к конт.пл.
    @ (135,414 мм,96,230 мм): Конт.пл. 11 на B.Cu, Не медь из U1
    @ (135,414 мм,96,730 мм): Конт.пл. 12 на B.Cu, Не медь из U1
ErrType(19): Конт.пл. близко к конт.пл.
    @ (147,242 мм,102,471 мм): Конт.пл. 32 на B.Cu, Не медь из U5
    @ (147,595 мм,102,824 мм): Конт.пл. 31 на B.Cu, Не медь из U5
ErrType(19): Конт.пл. близко к конт.пл.
    @ (147,595 мм,102,824 мм): Конт.пл. 31 на B.Cu, Не медь из U5
    @ (147,949 мм,103,178 мм): Конт.пл. 30 на B.Cu, Не медь из U5
ErrType(19): Конт.пл. близко к конт.пл.
    @ (150,777 мм,106,006 мм): Конт.пл. 22 на B.Cu, Не медь из U5
    @ (151,131 мм,106,360 мм): Конт.пл. 21 на B.Cu, Не медь из U5
ErrType(19): Конт.пл. близко к конт.пл.
    @ (151,131 мм,106,360 мм): Конт.пл. 21 на B.Cu, Не медь из U5
    @ (151,484 мм,106,713 мм): Конт.пл. 20 на B.Cu, Не медь из U5
ErrType(19): Конт.пл. близко к конт.пл.
    @ (151,484 мм,106,713 мм): Конт.пл. 20 на B.Cu, Не медь из U5
    @ (151,838 мм,107,067 мм): Конт.пл. 19 на B.Cu, Не медь из U5
ErrType(19): Конт.пл. близко к конт.пл.
    @ (151,838 мм,95,117 мм): Конт.пл. 46 на B.Cu, Не медь из U5
    @ (152,192 мм,94,763 мм): Конт.пл. 47 на B.Cu, Не медь из U5
ErrType(19): Конт.пл. близко к конт.пл.
    @ (151,838 мм,107,067 мм): Конт.пл. 19 на B.Cu, Не медь из U5
    @ (152,192 мм,107,421 мм): Конт.пл. 18 на B.Cu, Не медь из U5
ErrType(19): Конт.пл. близко к конт.пл.
    @ (152,192 мм,94,763 мм): Конт.пл. 47 на B.Cu, Не медь из U5
    @ (152,545 мм,94,410 мм): Конт.пл. 48 на B.Cu, Не медь из U5
ErrType(19): Конт.пл. близко к конт.пл.
    @ (152,192 мм,107,421 мм): Конт.пл. 18 на B.Cu, Не медь из U5
    @ (152,545 мм,107,774 мм): Конт.пл. 17 на B.Cu, Не медь из U5
ErrType(19): Конт.пл. близко к конт.пл.
    @ (156,010 мм,107,067 мм): Конт.пл. 14 на B.Cu, Не медь из U5
    @ (156,364 мм,106,713 мм): Конт.пл. 13 на B.Cu, Не медь из U5
ErrType(19): Конт.пл. близко к конт.пл.
    @ (156,364 мм,106,713 мм): Конт.пл. 13 на B.Cu, Не медь из U5
    @ (156,717 мм,106,360 мм): Конт.пл. 12 на B.Cu, Не медь из U5
ErrType(19): Конт.пл. близко к конт.пл.
    @ (156,717 мм,106,360 мм): Конт.пл. 12 на B.Cu, Не медь из U5
    @ (157,071 мм,106,006 мм): Конт.пл. 11 на B.Cu, Не медь из U5
ErrType(19): Конт.пл. близко к конт.пл.
    @ (159,899 мм,99,006 мм): Конт.пл. 62 на B.Cu, Не медь из U5
    @ (160,253 мм,99,360 мм): Конт.пл. 63 на B.Cu, Не медь из U5
ErrType(19): Конт.пл. близко к конт.пл.
    @ (160,253 мм,99,360 мм): Конт.пл. 63 на B.Cu, Не медь из U5
    @ (160,606 мм,99,713 мм): Конт.пл. 64 на B.Cu, Не медь из U5
ErrType(19): Конт.пл. близко к конт.пл.
    @ (160,253 мм,102,824 мм): Конт.пл. 2 на B.Cu, Не медь из U5
    @ (160,606 мм,102,471 мм): Конт.пл. 1 на B.Cu, Не медь из U5
ErrType(4): Дорожка близко к конт.пл.
    @ (112,776 мм,112,268 мм): Дорожка 0,250 мм, цепь [] (0) на слое B.Cu, длина: 0,150 мм
    @ (112,776 мм,112,944 мм): Конт.пл. 2 на B.Cu, Не медь из R25
ErrType(4): Дорожка близко к конт.пл.
    @ (148,500 мм,102,000 мм): Дорожка 0,250 мм, цепь [GND] (2) на слое B.Cu, длина: 1,224 мм
    @ (147,242 мм,102,471 мм): Конт.пл. 32 на B.Cu, Не медь из U5
ErrType(4): Дорожка близко к конт.пл.
    @ (153,000 мм,106,591 мм): Дорожка 0,250 мм, цепь [GND] (2) на слое B.Cu, длина: 1,158 мм
    @ (151,838 мм,107,067 мм): Конт.пл. 19 на B.Cu, Не медь из U5
ErrType(4): Дорожка близко к конт.пл.
    @ (156,717 мм,106,360 мм): Дорожка 0,250 мм, цепь [GND] (2) на слое B.Cu, длина: 1,863 мм
    @ (156,364 мм,106,713 мм): Конт.пл. 13 на B.Cu, Не медь из U5
ErrType(4): Дорожка близко к конт.пл.
    @ (158,104 мм,107,396 мм): Дорожка 0,250 мм, цепь [GND] (2) на слое B.Cu, длина: 1,731 мм
    @ (156,364 мм,106,713 мм): Конт.пл. 13 на B.Cu, Не медь из U5
ErrType(11): Два конца дорожки очень близко
    @ (129,814 мм,91,116 мм): Дорожка 0,200 мм, цепь [GND] (2) на слое B.Cu, длина: 1,000 мм
    @ (130,314 мм,91,130 мм): Дорожка 0,200 мм, цепь [/+3V3_EEPROM] (75) на слое B.Cu, длина: 0,050 мм
ErrType(4): Дорожка близко к конт.пл.
    @ (129,814 мм,91,116 мм): Дорожка 0,200 мм, цепь [GND] (2) на слое B.Cu, длина: 1,486 мм
    @ (129,314 мм,89,630 мм): Конт.пл. 39 на B.Cu, Не медь из U1
ErrType(4): Дорожка близко к конт.пл.
    @ (126,714 мм,91,730 мм): Дорожка 0,250 мм, цепь [GND] (2) на слое B.Cu, длина: 1,486 мм
    @ (126,714 мм,92,230 мм): Конт.пл. 34 на B.Cu, Не медь из U1
ErrType(4): Дорожка близко к конт.пл.
    @ (126,714 мм,94,730 мм): Дорожка 0,250 мм, цепь [GND] (2) на слое B.Cu, длина: 1,486 мм
    @ (126,714 мм,94,230 мм): Конт.пл. 30 на B.Cu, Не медь из U1
ErrType(4): Дорожка близко к конт.пл.
    @ (131,814 мм,98,330 мм): Дорожка 0,250 мм, цепь [GND] (2) на слое B.Cu, длина: 1,630 мм
    @ (131,314 мм,98,330 мм): Конт.пл. 18 на B.Cu, Не медь из U1
ErrType(4): Дорожка близко к конт.пл.
    @ (135,414 мм,96,230 мм): Дорожка 0,250 мм, цепь [GND] (2) на слое B.Cu, длина: 1,414 мм
    @ (135,414 мм,96,730 мм): Конт.пл. 12 на B.Cu, Не медь из U1
ErrType(4): Дорожка близко к конт.пл.
    @ (161,544 мм,98,044 мм): Дорожка 0,200 мм, цепь [GND] (2) на слое B.Cu, длина: 1,843 мм
    @ (159,899 мм,99,006 мм): Конт.пл. 62 на B.Cu, Не медь из U5
ErrType(4): Дорожка близко к конт.пл.
    @ (150,876 мм,93,472 мм): Дорожка 0,200 мм, цепь [GND] (2) на слое B.Cu, длина: 1,843 мм
    @ (152,545 мм,94,410 мм): Конт.пл. 48 на B.Cu, Не медь из U5
ErrType(4): Дорожка близко к конт.пл.
    @ (131,814 мм,89,630 мм): Дорожка 0,250 мм, цепь [GND] (2) на слое B.Cu, длина: 0,500 мм
    @ (131,314 мм,89,630 мм): Конт.пл. 43 на B.Cu, Не медь из U1
ErrType(4): Дорожка близко к конт.пл.
    @ (131,805 мм,88,113 мм): Дорожка 0,150 мм, цепь [GND] (2) на слое B.Cu, длина: 1,517 мм
    @ (131,314 мм,89,630 мм): Конт.пл. 43 на B.Cu, Не медь из U1
ErrType(4): Дорожка близко к конт.пл.
    @ (129,814 мм,89,630 мм): Дорожка 0,150 мм, цепь [GND] (2) на слое B.Cu, длина: 1,238 мм
    @ (129,314 мм,89,630 мм): Конт.пл. 39 на B.Cu, Не медь из U1
ErrType(18): Два конца дорожки очень близко
    @ (129,624 мм,88,392 мм): Дорожка 0,150 мм, цепь [GND] (2) на слое B.Cu, длина: 0,190 мм
    @ (130,339 мм,88,392 мм): Дорожка 0,200 мм, цепь [/+3V3_EEPROM] (75) на слое B.Cu, длина: 1,238 мм
ErrType(18): Два конца дорожки очень близко
    @ (134,112 мм,86,868 мм): Дорожка 0,300 мм, цепь [GND] (2) на слое B.Cu, длина: 0,386 мм
    @ (133,264 мм,85,754 мм): Дорожка 0,150 мм, цепь [Net-(C13-Pad1)] (9) на слое B.Cu, длина: 3,876 мм
ErrType(15): Два конца дорожки очень близко
    @ (133,839 мм,86,595 мм): Дорожка 0,300 мм, цепь [GND] (2) на слое B.Cu, длина: 1,524 мм
    @ (133,314 мм,85,754 мм): Дорожка 0,150 мм, цепь [Net-(C13-Pad1)] (9) на слое B.Cu, длина: 0,050 мм
ErrType(4): Дорожка близко к конт.пл.
    @ (126,492 мм,90,958 мм): Дорожка 0,150 мм, цепь [Net-(C8-Pad1)] (7) на слое B.Cu, длина: 0,351 мм
    @ (126,714 мм,91,730 мм): Конт.пл. 35 на B.Cu, Не медь из U1
ErrType(4): Дорожка близко к конт.пл.
    @ (132,812 мм,88,392 мм): Дорожка 0,150 мм, цепь [Net-(C9-Pad1)] (8) на слое B.Cu, длина: 1,238 мм
    @ (132,314 мм,89,630 мм): Конт.пл. 45 на B.Cu, Не медь из U1
ErrType(4): Дорожка близко к конт.пл.
    @ (133,264 мм,85,754 мм): Дорожка 0,150 мм, цепь [Net-(C13-Pad1)] (9) на слое B.Cu, длина: 3,876 мм
    @ (133,814 мм,89,630 мм): Конт.пл. 48 на B.Cu, Не медь из U1
ErrType(5): Дорожка близко к перех.отв.
    @ (167,923 мм,105,156 мм): Дорожка 0,250 мм, цепь [Net-(C20-Pad1)] (11) на слое B.Cu, длина: 3,580 мм
    @ (164,919 мм,104,581 мм): Перех.отв. 0,600 мм цепь [Net-(R18-Pad1)] (35) на слоях F.Cu/B.Cu
ErrType(5): Дорожка близко к перех.отв.
    @ (138,208 мм,98,486 мм): Дорожка 0,250 мм, цепь [Net-(D3-Pad1)] (14) на слое B.Cu, длина: 4,138 мм
    @ (136,652 мм,99,061 мм): Перех.отв. 0,600 мм цепь [Net-(R11-Pad2)] (30) на слоях F.Cu/B.Cu
ErrType(4): Дорожка близко к конт.пл.
    @ (134,070 мм,98,486 мм): Дорожка 0,250 мм, цепь [Net-(D3-Pad1)] (14) на слое B.Cu, длина: 0,300 мм
    @ (133,314 мм,98,330 мм): Конт.пл. 14 на B.Cu, Не медь из U1
ErrType(4): Дорожка близко к конт.пл.
    @ (136,444 мм,96,730 мм): Дорожка 0,250 мм, цепь [Net-(D3-Pad2)] (15) на слое B.Cu, длина: 1,030 мм
    @ (135,414 мм,96,230 мм): Конт.пл. 11 на B.Cu, Не медь из U1
ErrType(5): Дорожка близко к перех.отв.
    @ (138,208 мм,96,586 мм): Дорожка 0,250 мм, цепь [Net-(D3-Pad2)] (15) на слое B.Cu, длина: 1,520 мм
    @ (137,160 мм,96,011 мм): Перех.отв. 0,600 мм цепь [Net-(R11-Pad2)] (30) на слоях F.Cu/B.Cu
ErrType(5): Дорожка близко к перех.отв.
    @ (143,747 мм,90,915 мм): Дорожка 0,250 мм, цепь [Net-(D3-Pad3)] (16) на слое B.Cu, длина: 5,995 мм
    @ (138,684 мм,91,440 мм): Перех.отв. 0,600 мм цепь [/ETH_MII_TX_EN] (45) на слоях F.Cu/B.Cu
ErrType(7): Перех.отв. близко к дорожке
    @ (136,652 мм,90,424 мм): Дорожка 0,250 мм, цепь [/ETH_MII_COL] (44) на слое F.Cu, длина: 1,998 мм
    @ (137,668 мм,90,999 мм): Перех.отв. 0,600 мм цепь [Net-(D3-Pad3)] (16) на слоях F.Cu/B.Cu
ErrType(4): Дорожка близко к конт.пл.
    @ (125,300 мм,92,280 мм): Дорожка 0,150 мм, цепь [/TRANSF_TX+] (21) на слое B.Cu, длина: 1,415 мм
    @ (126,714 мм,91,730 мм): Конт.пл. 35 на B.Cu, Не медь из U1
ErrType(4): Дорожка близко к конт.пл.
    @ (125,474 мм,94,180 мм): Дорожка 0,150 мм, цепь [/TRANSF_RX-] (25) на слое B.Cu, длина: 1,241 мм
    @ (126,714 мм,94,730 мм): Конт.пл. 29 на B.Cu, Не медь из U1
ErrType(4): Дорожка близко к конт.пл.
    @ (125,167 мм,95,305 мм): Дорожка 0,200 мм, цепь [Net-(R6-Pad2)] (26) на слое B.Cu, длина: 1,549 мм
    @ (126,714 мм,94,730 мм): Конт.пл. 29 на B.Cu, Не медь из U1
ErrType(4): Дорожка близко к конт.пл.
    @ (136,404 мм,95,680 мм): Дорожка 0,150 мм, цепь [Net-(R11-Pad2)] (30) на слое B.Cu, длина: 0,991 мм
    @ (135,414 мм,96,230 мм): Конт.пл. 11 на B.Cu, Не медь из U1
ErrType(4): Дорожка близко к конт.пл.
    @ (132,764 мм,100,285 мм): Дорожка 0,150 мм, цепь [Net-(R14-Pad2)] (31) на слое B.Cu, длина: 1,956 мм
    @ (133,314 мм,98,330 мм): Конт.пл. 14 на B.Cu, Не медь из U1
ErrType(4): Дорожка близко к конт.пл.
    @ (160,685 мм,103,363 мм): Дорожка 0,200 мм, цепь [Net-(R18-Pad1)] (35) на слое B.Cu, длина: 0,690 мм
    @ (160,606 мм,102,471 мм): Конт.пл. 1 на B.Cu, Не медь из U5
ErrType(4): Дорожка близко к конт.пл.
    @ (151,131 мм,106,360 мм): Дорожка 0,200 мм, цепь [/ADC_Vbat] (39) на слое B.Cu, длина: 1,043 мм
    @ (151,484 мм,106,713 мм): Конт.пл. 20 на B.Cu, Не медь из U5
ErrType(4): Дорожка близко к конт.пл.
    @ (150,777 мм,106,006 мм): Дорожка 0,150 мм, цепь [/BUZZER] (41) на слое B.Cu, длина: 0,945 мм
    @ (151,131 мм,106,360 мм): Конт.пл. 21 на B.Cu, Не медь из U5
ErrType(4): Дорожка близко к конт.пл.
    @ (153,059 мм,107,331 мм): Дорожка 0,200 мм, цепь [/ETH_MII_COL] (44) на слое B.Cu, длина: 0,678 мм
    @ (152,192 мм,107,421 мм): Конт.пл. 18 на B.Cu, Не медь из U5
ErrType(4): Дорожка близко к конт.пл.
    @ (147,303 мм,103,965 мм): Дорожка 0,150 мм, цепь [/ETH_MII_TX_EN] (45) на слое B.Cu, длина: 1,019 мм
    @ (147,595 мм,102,824 мм): Конт.пл. 31 на B.Cu, Не медь из U5
ErrType(17): Два конца дорожки очень близко
    @ (154,046 мм,99,096 мм): Дорожка 0,250 мм, цепь [/ETH_MII_TXD2] (47) на слое B.Cu, длина: 0,171 мм
    @ (154,027 мм,98,546 мм): Дорожка 0,200 мм, цепь [/USB_Vbus] (77) на слое B.Cu, длина: 1,292 мм
ErrType(18): Два конца дорожки очень близко
    @ (154,456 мм,102,684 мм): Дорожка 0,250 мм, цепь [/ETH_MII_TXD2] (47) на слое B.Cu, длина: 3,179 мм
    @ (154,027 мм,98,546 мм): Дорожка 0,200 мм, цепь [/USB_Vbus] (77) на слое B.Cu, длина: 1,292 мм
ErrType(16): Два конца дорожки очень близко
    @ (154,456 мм,99,505 мм): Дорожка 0,250 мм, цепь [/ETH_MII_TXD2] (47) на слое B.Cu, длина: 0,579 мм
    @ (154,027 мм,98,546 мм): Дорожка 0,200 мм, цепь [/USB_Vbus] (77) на слое B.Cu, длина: 1,292 мм
ErrType(4): Дорожка близко к конт.пл.
    @ (156,268 мм,105,170 мм): Дорожка 0,200 мм, цепь [/ETH_MII_TX_CLK] (50) на слое B.Cu, длина: 1,159 мм
    @ (156,717 мм,106,360 мм): Конт.пл. 12 на B.Cu, Не медь из U5
ErrType(4): Дорожка близко к конт.пл.
    @ (132,364 мм,100,791 мм): Дорожка 0,150 мм, цепь [/ETH_MII_RX_CLK] (51) на слое B.Cu, длина: 2,461 мм
    @ (131,814 мм,98,330 мм): Конт.пл. 17 на B.Cu, Не медь из U1
ErrType(4): Дорожка близко к конт.пл.
    @ (131,239 мм,101,752 мм): Дорожка 0,200 мм, цепь [/ETH_MII_RXD3] (52) на слое B.Cu, длина: 3,423 мм
    @ (131,814 мм,98,330 мм): Конт.пл. 17 на B.Cu, Не медь из U1
ErrType(4): Дорожка близко к конт.пл.
    @ (156,442 мм,107,605 мм): Дорожка 0,200 мм, цепь [/ETH_MII_CRS] (57) на слое B.Cu, длина: 0,690 мм
    @ (156,364 мм,106,713 мм): Конт.пл. 13 на B.Cu, Не медь из U5
ErrType(5): Дорожка близко к перех.отв.
    @ (135,192 мм,111,760 мм): Дорожка 0,200 мм, цепь [/ETH_MDC] (59) на слое B.Cu, длина: 19,770 мм
    @ (150,876 мм,112,310 мм): Перех.отв. 0,600 мм цепь [/CAN_RX] (67) на слоях F.Cu/B.Cu
ErrType(4): Дорожка близко к конт.пл.
    @ (130,814 мм,90,054 мм): Дорожка 0,250 мм, цепь [/ETH_RST] (60) на слое B.Cu, длина: 1,464 мм
    @ (130,314 мм,89,630 мм): Конт.пл. 41 на B.Cu, Не медь из U1
ErrType(7): Перех.отв. близко к дорожке
    @ (130,339 мм,88,392 мм): Дорожка 0,200 мм, цепь [/+3V3_EEPROM] (75) на слое B.Cu, длина: 1,217 мм
    @ (131,064 мм,87,884 мм): Перех.отв. 0,600 мм цепь [/ETH_RST] (60) на слоях F.Cu/B.Cu
ErrType(18): Два конца дорожки очень близко
    @ (131,064 мм,88,340 мм): Дорожка 0,250 мм, цепь [/ETH_RST] (60) на слое B.Cu, длина: 0,354 мм
    @ (130,339 мм,88,392 мм): Дорожка 0,200 мм, цепь [/+3V3_EEPROM] (75) на слое B.Cu, длина: 1,217 мм
ErrType(4): Дорожка близко к конт.пл.
    @ (151,838 мм,95,117 мм): Дорожка 0,150 мм, цепь [Net-(U5-Pad46)] (65) на слое B.Cu, длина: 3,197 мм
    @ (152,192 мм,94,763 мм): Конт.пл. 47 на B.Cu, Не медь из U5
ErrType(4): Дорожка близко к конт.пл.
    @ (133,889 мм,90,640 мм): Дорожка 0,200 мм, цепь [/+3V3_EEPROM] (75) на слое B.Cu, длина: 1,013 мм
    @ (133,314 мм,89,630 мм): Конт.пл. 47 на B.Cu, Не медь из U1
ErrType(4): Дорожка близко к конт.пл.
    @ (130,364 мм,91,130 мм): Дорожка 0,200 мм, цепь [/+3V3_EEPROM] (75) на слое B.Cu, длина: 1,501 мм
    @ (130,814 мм,89,630 мм): Конт.пл. 42 на B.Cu, Не медь из U1
ErrType(4): Дорожка близко к конт.пл.
    @ (133,314 мм,98,330 мм): Дорожка 0,250 мм, цепь [/+3V3_EEPROM] (75) на слое B.Cu, длина: 1,230 мм
    @ (133,814 мм,98,330 мм): Конт.пл. 13 на B.Cu, Не медь из U1
ErrType(4): Дорожка близко к конт.пл.
    @ (131,314 мм,91,130 мм): Дорожка 0,250 мм, цепь [/+3V3_EEPROM] (75) на слое B.Cu, длина: 1,500 мм
    @ (130,814 мм,89,630 мм): Конт.пл. 42 на B.Cu, Не медь из U1
ErrType(4): Дорожка близко к конт.пл.
    @ (135,414 мм,89,630 мм): Дорожка 0,300 мм, цепь [/+3V3_EEPROM] (75) на слое B.Cu, длина: 1,600 мм
    @ (133,314 мм,89,630 мм): Конт.пл. 47 на B.Cu, Не медь из U1
ErrType(4): Дорожка близко к конт.пл.
    @ (133,314 мм,99,786 мм): Дорожка 0,200 мм, цепь [/+3V3_EEPROM] (75) на слое B.Cu, длина: 1,186 мм
    @ (133,814 мм,98,330 мм): Конт.пл. 13 на B.Cu, Не медь из U1
ErrType(4): Дорожка близко к конт.пл.
    @ (130,339 мм,88,392 мм): Дорожка 0,200 мм, цепь [/+3V3_EEPROM] (75) на слое B.Cu, длина: 1,238 мм
    @ (130,814 мм,89,630 мм): Конт.пл. 42 на B.Cu, Не медь из U1
ErrType(4): Дорожка близко к конт.пл.
    @ (128,814 мм,89,630 мм): Дорожка 0,253 мм, цепь [/+3V3_EEPROM] (75) на слое B.Cu, длина: 0,500 мм
    @ (129,814 мм,89,630 мм): Конт.пл. 40 на B.Cu, Не медь из U1
ErrType(4): Дорожка близко к конт.пл.
    @ (155,000 мм,105,634 мм): Дорожка 0,200 мм, цепь [/+3V3_STM] (78) на слое B.Cu, длина: 1,739 мм
    @ (156,010 мм,107,067 мм): Конт.пл. 14 на B.Cu, Не медь из U5
ErrType(4): Дорожка близко к конт.пл.
    @ (146,779 мм,102,000 мм): Дорожка 0,250 мм, цепь [/+3V3_STM] (78) на слое B.Cu, длина: 0,660 мм
    @ (147,595 мм,102,824 мм): Конт.пл. 31 на B.Cu, Не медь из U5
ErrType(4): Дорожка близко к конт.пл.
    @ (151,838 мм,107,067 мм): Дорожка 0,200 мм, цепь [/+3V3_STM] (78) на слое B.Cu, длина: 1,756 мм
    @ (151,484 мм,106,713 мм): Конт.пл. 20 на B.Cu, Не медь из U5
ErrType(4): Дорожка близко к конт.пл.
    @ (153,000 мм,93,904 мм): Дорожка 0,250 мм, цепь [/+3V3_STM] (78) на слое B.Cu, длина: 0,680 мм
    @ (152,192 мм,94,763 мм): Конт.пл. 47 на B.Cu, Не медь из U5
ErrType(4): Дорожка близко к конт.пл.
    @ (162,052 мм,102,311 мм): Дорожка 0,200 мм, цепь [/+3V3_STM] (78) на слое B.Cu, длина: 1,455 мм
    @ (160,253 мм,102,824 мм): Конт.пл. 2 на B.Cu, Не медь из U5
ErrType(4): Дорожка близко к конт.пл.
    @ (160,857 мм,99,568 мм): Дорожка 0,200 мм, цепь [/+3V3_STM] (78) на слое B.Cu, длина: 0,290 мм
    @ (160,253 мм,99,360 мм): Конт.пл. 63 на B.Cu, Не медь из U5
ErrType(4): Дорожка близко к конт.пл.
    @ (157,663 мм,107,957 мм): Дорожка 0,200 мм, цепь [/+3V3_STM] (78) на слое B.Cu, длина: 1,799 мм
    @ (156,010 мм,107,067 мм): Конт.пл. 14 на B.Cu, Не медь из U5

** Found 0 unconnected pads **

** End of Report **
