** Drc report for /mnt/DATA2/pCloud/job/KiCAD/Rover_Commander_v3.1a/Rover_Commander_v3.1a.kicad_pcb **
** Created on 2017-10-19 15:10:30 **

** Found 0 DRC errors **

** Found 27 unconnected pads **
ErrType(2): Неподключенные конт.пл.
    @ (132,314 мм,89,630 мм): Конт.пл. 45 на B.Cu, Не медь из U1 net GND
    @ (131,814 мм,89,630 мм): Конт.пл. 44 на B.Cu, Не медь из U1
ErrType(2): Неподключенные конт.пл.
    @ (131,814 мм,89,630 мм): Конт.пл. 44 на B.Cu, Не медь из U1 net GND
    @ (129,814 мм,89,630 мм): Конт.пл. 40 на B.Cu, Не медь из U1
ErrType(2): Неподключенные конт.пл.
    @ (151,384 мм,118,872 мм): Конт.пл. 4 на F.Cu, B.Cu, Внутренний, Не медь из XP2 net GND
    @ (148,336 мм,119,888 мм): Конт.пл. 2 на B.Cu, Не медь из C16
ErrType(2): Неподключенные конт.пл.
    @ (126,714 мм,94,730 мм): Конт.пл. 29 на B.Cu, Не медь из U1 net GND
    @ (126,714 мм,91,730 мм): Конт.пл. 35 на B.Cu, Не медь из U1
ErrType(2): Неподключенные конт.пл.
    @ (131,814 мм,98,330 мм): Конт.пл. 17 на B.Cu, Не медь из U1 net GND
    @ (131,814 мм,89,630 мм): Конт.пл. 44 на B.Cu, Не медь из U1
ErrType(2): Неподключенные конт.пл.
    @ (135,414 мм,96,230 мм): Конт.пл. 11 на B.Cu, Не медь из U1 net GND
    @ (131,814 мм,98,330 мм): Конт.пл. 17 на B.Cu, Не медь из U1
ErrType(2): Неподключенные конт.пл.
    @ (126,714 мм,91,730 мм): Конт.пл. 35 на B.Cu, Не медь из U1 net GND
    @ (129,814 мм,89,630 мм): Конт.пл. 40 на B.Cu, Не медь из U1
ErrType(2): Неподключенные конт.пл.
    @ (165,100 мм,106,172 мм): Конт.пл. 2 на B.Cu, Не медь из C21 net GND
    @ (156,717 мм,106,360 мм): Конт.пл. 12 на B.Cu, Не медь из U5
ErrType(2): Неподключенные конт.пл.
    @ (152,908 мм,82,296 мм): Конт.пл. 2 на F.Cu, Не медь из C11 net GND
    @ (152,192 мм,94,763 мм): Конт.пл. 47 на B.Cu, Не медь из U5
ErrType(2): Неподключенные конт.пл.
    @ (160,253 мм,99,360 мм): Конт.пл. 63 на B.Cu, Не медь из U5 net GND
    @ (156,717 мм,106,360 мм): Конт.пл. 12 на B.Cu, Не медь из U5
ErrType(2): Неподключенные конт.пл.
    @ (147,595 мм,102,824 мм): Конт.пл. 31 на B.Cu, Не медь из U5 net GND
    @ (152,192 мм,107,421 мм): Конт.пл. 18 на B.Cu, Не медь из U5
ErrType(2): Неподключенные конт.пл.
    @ (156,717 мм,106,360 мм): Конт.пл. 12 на B.Cu, Не медь из U5 net GND
    @ (152,192 мм,107,421 мм): Конт.пл. 18 на B.Cu, Не медь из U5
ErrType(2): Неподключенные конт.пл.
    @ (139,700 мм,102,784 мм): Конт.пл. 1 на B.Cu, Не медь из R12 net /+3V3_EEPROM
    @ (141,224 мм,102,784 мм): Конт.пл. 1 на B.Cu, Не медь из R10
ErrType(2): Неподключенные конт.пл.
    @ (150,368 мм,82,128 мм): Конт.пл. 2 на F.Cu, Не медь из R2 net /+3V3_EEPROM
    @ (130,556 мм,82,804 мм): Конт.пл. 2 на F.Cu, Не медь из L1
ErrType(2): Неподключенные конт.пл.
    @ (141,224 мм,102,784 мм): Конт.пл. 1 на B.Cu, Не медь из R10 net /+3V3_EEPROM
    @ (141,252 мм,117,152 мм): Конт.пл. 2 на B.Cu, Не медь из U4
ErrType(2): Неподключенные конт.пл.
    @ (155,575 мм,89,552 мм): Конт.пл. 8 на B.Cu, Не медь из U7 net /+3V3_EEPROM
    @ (156,464 мм,84,668 мм): Конт.пл. 1 на F.Cu, Не медь из R26
ErrType(2): Неподключенные конт.пл.
    @ (129,314 мм,89,630 мм): Конт.пл. 39 на B.Cu, Не медь из U1 net /+3V3_EEPROM
    @ (130,314 мм,89,630 мм): Конт.пл. 41 на B.Cu, Не медь из U1
ErrType(2): Неподключенные конт.пл.
    @ (130,314 мм,89,630 мм): Конт.пл. 41 на B.Cu, Не медь из U1 net /+3V3_EEPROM
    @ (131,314 мм,89,630 мм): Конт.пл. 43 на B.Cu, Не медь из U1
ErrType(2): Неподключенные конт.пл.
    @ (131,314 мм,89,630 мм): Конт.пл. 43 на B.Cu, Не медь из U1 net /+3V3_EEPROM
    @ (133,814 мм,89,630 мм): Конт.пл. 48 на B.Cu, Не медь из U1
ErrType(2): Неподключенные конт.пл.
    @ (133,814 мм,89,630 мм): Конт.пл. 48 на B.Cu, Не медь из U1 net /+3V3_EEPROM
    @ (133,314 мм,98,330 мм): Конт.пл. 14 на B.Cu, Не медь из U1
ErrType(2): Неподключенные конт.пл.
    @ (142,748 мм,113,792 мм): Конт.пл. 2 на B.Cu, Не медь из D4 net /USB_Vbus
    @ (150,424 мм,96,531 мм): Конт.пл. 42 на B.Cu, Не медь из U5
ErrType(2): Неподключенные конт.пл.
    @ (147,242 мм,102,471 мм): Конт.пл. 32 на B.Cu, Не медь из U5 net /+3V3_STM
    @ (151,838 мм,107,067 мм): Конт.пл. 19 на B.Cu, Не медь из U5
ErrType(2): Неподключенные конт.пл.
    @ (157,480 мм,115,824 мм): Конт.пл. 1 на B.Cu, Не медь из D5 net /+3V3_STM
    @ (156,364 мм,106,713 мм): Конт.пл. 13 на B.Cu, Не медь из U5
ErrType(2): Неподключенные конт.пл.
    @ (156,364 мм,106,713 мм): Конт.пл. 13 на B.Cu, Не медь из U5 net /+3V3_STM
    @ (160,606 мм,102,471 мм): Конт.пл. 1 на B.Cu, Не медь из U5
ErrType(2): Неподключенные конт.пл.
    @ (151,838 мм,107,067 мм): Конт.пл. 19 на B.Cu, Не медь из U5 net /+3V3_STM
    @ (156,364 мм,106,713 мм): Конт.пл. 13 на B.Cu, Не медь из U5
ErrType(2): Неподключенные конт.пл.
    @ (152,545 мм,94,410 мм): Конт.пл. 48 на B.Cu, Не медь из U5 net /+3V3_STM
    @ (160,606 мм,99,713 мм): Конт.пл. 64 на B.Cu, Не медь из U5
ErrType(2): Неподключенные конт.пл.
    @ (160,606 мм,99,713 мм): Конт.пл. 64 на B.Cu, Не медь из U5 net /+3V3_STM
    @ (160,606 мм,102,471 мм): Конт.пл. 1 на B.Cu, Не медь из U5

** End of Report **
